10.1016/j.matdes.2024.112860 - Google/RG 无可用PDF
10.1115/msec2025-155609 - Google/RG 无可用PDF
10.1016/j.autcon.2025.106494 - Google/RG 无可用PDF
10.1016/j.addma.2024.104297 - Google/RG 无可用PDF
10.22260/isarc2023/0015 - Google/RG 无可用PDF
10.1016/j.addma.2024.104467 - Google/RG 无可用PDF
10.12913/22998624/185960 - Google/RG 无可用PDF
10.1016/j.addma.2023.103628 - Google/RG 无可用PDF
10.1016/j.addma.2024.104124 - Google/RG 无可用PDF
10.2139/ssrn.4341502 - Google/RG 无可用PDF
10.1016/j.cma.2025.117841 - Google/RG 无可用PDF
10.1038/s41586-022-04988-4 - Google/RG 无可用PDF
10.3390/math11061499 - Google/RG 无可用PDF
10.1007/s00170-021-07419-2 - Google/RG 无可用PDF
10.1016/j.jmapro.2025.08.025 - Google/RG 无可用PDF
10.1007/s00170-021-08370-y - Google/RG 无可用PDF
10.3390/metrology2010005 - Google/RG 无可用PDF
10.1016/j.addma.2025.105059 - Google/RG 无可用PDF
10.1016/j.matpr.2022.10.248 - Google/RG 无可用PDF
10.1016/j.tws.2026.114701 - Google/RG 无可用PDF
10.1016/j.cirp.2020.05.006 - Google/RG 无可用PDF
10.1016/j.mser.2020.100596 - Google/RG 无可用PDF
10.1016/j.addma.2020.101538 - Google/RG 无可用PDF
10.1016/j.pmatsci.2021.100795 - Google/RG 无可用PDF
10.1016/j.addma.2021.102193 - Google/RG 无可用PDF
10.3390/act10050102 - Google/RG 无可用PDF
10.3390/jmmp9040133 - Google/RG 无可用PDF
10.3390/jmmp9090286 - Google/RG 无可用PDF
10.1007/s40964-025-01401-0 - Google/RG 无可用PDF
10.1016/j.matdes.2022.111545 - Google/RG 无可用PDF
10.1016/j.addlet.2021.100007 - Google/RG 无可用PDF
10.36897/jme/205422 - Google/RG 无可用PDF
10.1016/j.cirpj.2023.06.005 - Google/RG 无可用PDF
10.1016/j.aime.2022.100104 - Google/RG 无可用PDF
10.1016/j.addma.2025.104817 - Google/RG 无可用PDF
10.1016/j.matdes.2023.111658 - Google/RG 无可用PDF
10.1016/j.jmrt.2024.09.032 - Google/RG 无可用PDF
10.1016/j.addma.2020.101697 - Google/RG 无可用PDF
10.1016/j.compositesb.2023.110627 - Google/RG 无可用PDF
10.1016/j.addma.2023.103541 - Google/RG 无可用PDF
10.3390/app15115899 - Google/RG 无可用PDF
10.1177/09673911251387415 - Google/RG 无可用PDF
10.1088/1742-6596/2951/1/012096 - Google/RG 无可用PDF
10.3390/app12125819 - Google/RG 无可用PDF
10.3390/pr13020473 - Google/RG 无可用PDF
10.1115/imece2021-70144 - Google/RG 无可用PDF
10.1016/j.jclepro.2020.121602 - Google/RG 无可用PDF
10.1016/j.autcon.2020.103268 - Google/RG 无可用PDF
10.3390/buildings10120231 - Google/RG 无可用PDF
10.1016/j.cirpj.2025.10.003 - Google/RG 无可用PDF
10.1016/j.rcim.2020.101967 - Google/RG 无可用PDF
10.1016/j.addma.2021.102503 - Google/RG 无可用PDF
10.1016/j.addma.2022.102853 - Google/RG 无可用PDF
10.1007/s10845-025-02702-5 - Google/RG 无可用PDF
10.1007/s00170-025-16145-y - Google/RG 无可用PDF
10.1002/adem.202300907 - Google/RG 无可用PDF
10.1016/j.jmsy.2021.09.002 - Google/RG 无可用PDF
10.1016/j.addma.2021.102412 - Google/RG 无可用PDF
10.1016/j.ifset.2025.104280 - Google/RG 无可用PDF
10.1016/j.cirpj.2023.08.005 - Google/RG 无可用PDF
10.1016/j.matdes.2021.110178 - Google/RG 无可用PDF
10.1007/s00170-025-15798-z - Google/RG 无可用PDF
10.3390/ma14112737 - Google/RG 无可用PDF
10.1016/j.rcim.2023.102710 - Google/RG 无可用PDF
10.1016/j.addma.2020.101293 - Google/RG 无可用PDF
10.1016/j.jmapro.2022.12.054 - Google/RG 无可用PDF
10.1109/icmerr64601.2025.10949923 - Google/RG 无可用PDF
10.1109/icmerr64601.2025.10949917 - Google/RG 无可用PDF
10.1016/j.matlet.2021.129748 - Google/RG 无可用PDF
10.1115/msec2024-130324 - Google/RG 无可用PDF
10.1016/j.jmapro.2025.09.072 - Google/RG 无可用PDF
10.1016/j.jmapro.2025.06.094 - Google/RG 无可用PDF
10.1117/12.3038306 - Google/RG 无可用PDF
10.1145/3424630.3425420 - Google/RG 无可用PDF
10.1016/j.cej.2020.126162 - Google/RG 无可用PDF
10.3390/inventions8040103 - Google/RG 无可用PDF
10.1002/admt.201901044 - Google/RG 无可用PDF
10.1007/s44163-023-00089-x - Google/RG 无可用PDF
10.3390/app12010135 - Google/RG 无可用PDF
10.1016/j.jmapro.2023.03.013 - Google/RG 无可用PDF
10.1016/j.matdes.2021.109656 - Google/RG 无可用PDF
10.1016/j.addma.2023.103937 - Google/RG 无可用PDF
10.1016/j.autcon.2022.104624 - Google/RG 无可用PDF
10.1002/admt.202100345 - Google/RG 无可用PDF
10.1007/s41693-023-00107-5 - Google/RG 无可用PDF
10.1007/s40964-025-01193-3 - Google/RG 无可用PDF
10.1016/j.pmatsci.2020.100736 - Google/RG 无可用PDF
10.36922/ijb025070053 - Google/RG 无可用PDF
10.3390/polym17081097 - Google/RG 无可用PDF
10.1038/s41378-023-00509-z - Google/RG 无可用PDF
10.1016/j.polymertesting.2020.106925 - Google/RG 无可用PDF
10.1038/s41598-021-84524-y - Google/RG 无可用PDF
10.1016/j.addma.2024.104213 - Google/RG 无可用PDF
10.1016/j.addma.2024.104426 - Google/RG 无可用PDF
10.52842/conf.ecaade.2023.1.519 - Google/RG 无可用PDF
10.3390/pr12122811 - Google/RG 无可用PDF
10.1515/nanoph-2019-0474 - Google/RG 无可用PDF
10.1016/j.addma.2023.103420 - Google/RG 无可用PDF
10.1016/j.jmatprotec.2024.118501 - Google/RG 无可用PDF
10.1002/adfm.202003062 - Google/RG 无可用PDF
10.1111/ijac.13976 - Google/RG 无可用PDF
10.1016/j.jmsy.2020.05.010 - Google/RG 无可用PDF
10.3390/polym15163412 - Google/RG 无可用PDF
10.1038/s41598-025-14980-3 - Google/RG 无可用PDF
10.1016/j.addma.2023.103403 - Google/RG 无可用PDF
10.1002/aisy.202400102 - Google/RG 无可用PDF
10.1007/s00170-022-09164-6 - Google/RG 无可用PDF
10.3389/fbioe.2024.1393641 - Google/RG 无可用PDF
10.3390/inventions5030025 - Google/RG 无可用PDF
10.1016/j.addma.2021.102476 - Google/RG 无可用PDF
10.1021/acsapm.1c00110 - Google/RG 无可用PDF
10.1002/pc.26973 - Google/RG 无可用PDF
10.3390/mi15070855 - Google/RG 无可用PDF
10.1016/j.eng.2022.09.015 - Google/RG 无可用PDF
10.3390/encyclopedia1030048 - Google/RG 无可用PDF
10.1088/2053-1591/ada1a6 - Google/RG 无可用PDF
10.1016/j.procs.2020.09.314 - Google/RG 无可用PDF
10.1016/j.matdes.2021.109474 - Google/RG 无可用PDF
10.1016/j.ijmecsci.2023.108734 - Google/RG 无可用PDF
10.1108/rpj-01-2023-0028 - Google/RG 无可用PDF
10.1007/s00397-025-01504-z - Google/RG 无可用PDF
10.1080/10589759.2025.2591853 - Google/RG 无可用PDF
10.1016/j.jfoodeng.2026.112999 - Google/RG 无可用PDF
