10.1016/j.matdes.2024.112860 - 未发现开放获取链接
10.1115/msec2025-155609 - 未发现开放获取链接
10.1016/j.autcon.2025.106494 - 未发现开放获取链接
10.1016/j.addma.2024.104297 - 未发现开放获取链接
10.22260/isarc2023/0015 - 未发现开放获取链接
10.1016/j.addma.2024.104467 - 未发现开放获取链接
10.12913/22998624/185960 - 未发现开放获取链接
10.1016/j.addma.2023.103628 - 未发现开放获取链接
10.1016/j.addma.2024.104124 - 未发现开放获取链接
10.2139/ssrn.4341502 - 未发现开放获取链接
10.1016/j.cma.2025.117841 - 未发现开放获取链接
10.1038/s41586-022-04988-4 - 未发现开放获取链接
10.3390/math11061499 - 未发现开放获取链接
10.1007/s00170-021-07419-2 - 未发现开放获取链接
10.1016/j.jmapro.2025.08.025 - 未发现开放获取链接
10.1007/s00170-021-08370-y - 未发现开放获取链接
10.3390/metrology2010005 - 未发现开放获取链接
10.1016/j.addma.2025.105059 - 未发现开放获取链接
10.1016/j.matpr.2022.10.248 - 未发现开放获取链接
10.1016/j.tws.2026.114701 - 未发现开放获取链接
10.1016/j.cirp.2020.05.006 - 未发现开放获取链接
10.1016/j.mser.2020.100596 - 未发现开放获取链接
10.1016/j.addma.2020.101538 - 未发现开放获取链接
10.1016/j.pmatsci.2021.100795 - 未发现开放获取链接
10.1016/j.addma.2021.102193 - 未发现开放获取链接
10.3390/act10050102 - 未发现开放获取链接
10.3390/jmmp9040133 - 未发现开放获取链接
10.3390/jmmp9090286 - 未发现开放获取链接
10.1007/s40964-025-01401-0 - 未发现开放获取链接
10.1016/j.matdes.2022.111545 - 未发现开放获取链接
10.1016/j.addlet.2021.100007 - 未发现开放获取链接
10.36897/jme/205422 - 未发现开放获取链接
10.1016/j.cirpj.2023.06.005 - 未发现开放获取链接
10.1016/j.aime.2022.100104 - 未发现开放获取链接
10.1016/j.addma.2025.104817 - 未发现开放获取链接
10.1016/j.matdes.2023.111658 - 未发现开放获取链接
10.1016/j.jmrt.2024.09.032 - 未发现开放获取链接
10.1016/j.addma.2020.101697 - 未发现开放获取链接
10.1016/j.compositesb.2023.110627 - 未发现开放获取链接
10.1016/j.addma.2023.103541 - 未发现开放获取链接
10.3390/app15115899 - 未发现开放获取链接
10.1177/09673911251387415 - 未发现开放获取链接
10.1088/1742-6596/2951/1/012096 - 未发现开放获取链接
10.3390/app12125819 - 未发现开放获取链接
10.3390/pr13020473 - 未发现开放获取链接
10.1115/imece2021-70144 - 未发现开放获取链接
10.1016/j.jclepro.2020.121602 - 未发现开放获取链接
10.1016/j.autcon.2020.103268 - 未发现开放获取链接
10.3390/buildings10120231 - 未发现开放获取链接
10.1016/j.cirpj.2025.10.003 - 未发现开放获取链接
10.1016/j.rcim.2020.101967 - 未发现开放获取链接
10.1016/j.addma.2021.102503 - 未发现开放获取链接
10.1016/j.addma.2022.102853 - 未发现开放获取链接
10.1007/s10845-025-02702-5 - 未发现开放获取链接
10.1007/s00170-025-16145-y - 未发现开放获取链接
10.1002/adem.202300907 - 未发现开放获取链接
10.1016/j.jmsy.2021.09.002 - 未发现开放获取链接
10.1016/j.addma.2021.102412 - 未发现开放获取链接
10.1016/j.ifset.2025.104280 - 未发现开放获取链接
10.1016/j.cirpj.2023.08.005 - 未发现开放获取链接
10.1016/j.matdes.2021.110178 - 未发现开放获取链接
10.1007/s00170-025-15798-z - 未发现开放获取链接
10.3390/ma14112737 - 未发现开放获取链接
10.1016/j.rcim.2023.102710 - 未发现开放获取链接
10.1016/j.addma.2020.101293 - 未发现开放获取链接
10.1016/j.jmapro.2022.12.054 - 未发现开放获取链接
10.1109/icmerr64601.2025.10949923 - 未发现开放获取链接
10.1109/icmerr64601.2025.10949917 - 未发现开放获取链接
10.1016/j.matlet.2021.129748 - 未发现开放获取链接
10.1115/msec2024-130324 - 未发现开放获取链接
10.1016/j.jmapro.2025.09.072 - 未发现开放获取链接
10.1016/j.jmapro.2025.06.094 - 未发现开放获取链接
10.1117/12.3038306 - 未发现开放获取链接
10.1145/3424630.3425420 - 未发现开放获取链接
10.1016/j.cej.2020.126162 - 未发现开放获取链接
10.3390/inventions8040103 - 未发现开放获取链接
10.1002/admt.201901044 - 未发现开放获取链接
10.1007/s44163-023-00089-x - 未发现开放获取链接
10.3390/app12010135 - 未发现开放获取链接
10.1016/j.jmapro.2023.03.013 - 未发现开放获取链接
10.1016/j.matdes.2021.109656 - 未发现开放获取链接
10.1016/j.addma.2023.103937 - 未发现开放获取链接
10.1016/j.autcon.2022.104624 - 未发现开放获取链接
10.1002/admt.202100345 - 未发现开放获取链接
10.1007/s41693-023-00107-5 - 未发现开放获取链接
10.1007/s40964-025-01193-3 - 未发现开放获取链接
10.1016/j.pmatsci.2020.100736 - 未发现开放获取链接
10.36922/ijb025070053 - 未发现开放获取链接
10.3390/polym17081097 - 未发现开放获取链接
10.1038/s41378-023-00509-z - 未发现开放获取链接
10.1016/j.polymertesting.2020.106925 - 未发现开放获取链接
10.1038/s41598-021-84524-y - 未发现开放获取链接
10.1016/j.addma.2024.104213 - 未发现开放获取链接
10.1016/j.addma.2024.104426 - 未发现开放获取链接
10.52842/conf.ecaade.2023.1.519 - 未发现开放获取链接
10.3390/pr12122811 - 未发现开放获取链接
10.1515/nanoph-2019-0474 - 未发现开放获取链接
10.1016/j.addma.2023.103420 - 未发现开放获取链接
10.1016/j.jmatprotec.2024.118501 - 未发现开放获取链接
10.1002/adfm.202003062 - 未发现开放获取链接
10.1111/ijac.13976 - 未发现开放获取链接
10.1016/j.jmsy.2020.05.010 - 未发现开放获取链接
10.3390/polym15163412 - 未发现开放获取链接
10.1038/s41598-025-14980-3 - 未发现开放获取链接
10.1016/j.addma.2023.103403 - 未发现开放获取链接
10.1002/aisy.202400102 - 未发现开放获取链接
10.1007/s00170-022-09164-6 - 未发现开放获取链接
10.3389/fbioe.2024.1393641 - 未发现开放获取链接
10.3390/inventions5030025 - 未发现开放获取链接
10.1016/j.addma.2021.102476 - 未发现开放获取链接
10.1021/acsapm.1c00110 - 未发现开放获取链接
10.1002/pc.26973 - 未发现开放获取链接
10.3390/mi15070855 - 未发现开放获取链接
10.1016/j.eng.2022.09.015 - 未发现开放获取链接
10.3390/encyclopedia1030048 - 未发现开放获取链接
10.1088/2053-1591/ada1a6 - 未发现开放获取链接
10.1016/j.procs.2020.09.314 - 未发现开放获取链接
10.1016/j.matdes.2021.109474 - 未发现开放获取链接
10.1016/j.ijmecsci.2023.108734 - 未发现开放获取链接
10.1108/rpj-01-2023-0028 - 未发现开放获取链接
10.1007/s00397-025-01504-z - 未发现开放获取链接
10.1080/10589759.2025.2591853 - 未发现开放获取链接
10.1016/j.jfoodeng.2026.112999 - 未发现开放获取链接
